2022-08-16 22:04:28,774 Debug message
2022-08-16 22:04:28,775 Info message
2022-08-16 22:04:28,775 Warning message
2022-08-16 22:04:28,775 Error message
2022-08-16 22:04:28,775 Fatal (something like that) message
